<html>
<body>
<pre>
<h1>µVision Build Log</h1>
<h2>Tool Versions:</h2>
IDE-Version: ¦ÌVision V5.36.0.0
Copyright (C) 2021 ARM Ltd and ARM Germany GmbH. All rights reserved.
License Information: 1 2, 3, LIC=FYKYW-QRVN3-FWG2N-YRJP0-JSC4M-SXY94
 
Tool Versions:
Toolchain:       MDK-ARM Plus  Version: 5.36.0.0
Toolchain Path:  E:\MDK_ARM\ARM\ARMCLANG\Bin
C Compiler:      ArmClang.exe V6.16
Assembler:       Armasm.exe V6.16
Linker/Locator:  ArmLink.exe V6.16
Library Manager: ArmAr.exe V6.16
Hex Converter:   FromElf.exe V6.16
CPU DLL:         
Dialog DLL:      
Target DLL:      STLink\ST-LINKIII-KEIL_SWO.dll V3.0.9.0
Dialog DLL:      TCM.DLL V1.53.0.0
 
<h2>Project:</h2>
C:\Users\qvl93\Desktop\rev1\MDK-ARM\rev1.uvprojx
Project File Date:  06/10/2025

<h2>Output:</h2>
*** Using Compiler 'V6.16', folder: 'E:\MDK_ARM\ARM\ARMCLANG\Bin'
Rebuild target 'rev1'
compiling crc.c...
compiling gpio.c...
compiling rtc.c...
compiling memorymap.c...
assembling startup_stm32u575xx.s...
compiling gpdma.c...
compiling main.c...
compiling i2c.c...
compiling icache.c...
compiling octospi.c...
compiling spi.c...
compiling adc.c...
compiling tim.c...
compiling app_touchgfx.c...
compiling bsp_ch579_uart2.c...
compiling stm32u5xx_hal_msp.c...
compiling usart.c...
compiling stm32u5xx_it.c...
compiling api_user.c...
compiling bsp_mpu6050_i2c.c...
compiling STM32TouchController.cpp...
compiling bsp_ili9341_spi.c...
compiling TouchGFXDMA.cpp...
compiling TouchGFXHAL.cpp...
compiling TouchGFXGPIO.cpp...
compiling system_stm32u5xx.c...
compiling stm32u5xx_hal.c...
compiling stm32u5xx_hal_i2c_ex.c...
compiling OSWrappers.cpp...
compiling TouchGFXConfiguration.cpp...
compiling stm32u5xx_hal_dma.c...
compiling stm32u5xx_hal_adc_ex.c...
../TouchGFX/target/generated/TouchGFXGeneratedHAL.cpp(33): warning: unknown attribute 'zero_init' ignored [-Wunknown-attributes]
    uint32_t frameBuf[(320 * 240 * 2 + 3) / 4] LOCATION_ATTRIBUTE_NOLOAD("TouchGFX_Framebuffer");
                                               ^~~~~~~~~~~~~~~~~~~~~~~~~~~~~~~~~~~~~~~~~~~~~~~~~
../middlewares/st/touchgfx/framework/include\touchgfx/hal/Config.hpp(80): note: expanded from macro 'LOCATION_ATTRIBUTE_NOLOAD'
#define LOCATION_ATTRIBUTE_NOLOAD(name) __attribute__((section(name), zero_init)) __attribute__((aligned(4)))
                                                                      ^~~~~~~~~
1 warning generated.
compiling TouchGFXGeneratedHAL.cpp...
compiling stm32u5xx_hal_adc.c...
compiling stm32u5xx_hal_rcc.c...
compiling stm32u5xx_hal_cortex.c...
compiling stm32u5xx_hal_dma_ex.c...
compiling stm32u5xx_hal_exti.c...
compiling stm32u5xx_hal_flash.c...
compiling stm32u5xx_hal_pwr.c...
compiling stm32u5xx_hal_gpio.c...
compiling stm32u5xx_hal_flash_ex.c...
compiling stm32u5xx_hal_gtzc.c...
compiling stm32u5xx_hal_rcc_ex.c...
compiling stm32u5xx_hal_icache.c...
compiling stm32u5xx_hal_pwr_ex.c...
compiling stm32u5xx_hal_i2c.c...
compiling stm32u5xx_hal_crc_ex.c...
compiling stm32u5xx_hal_crc.c...
compiling stm32u5xx_ll_dlyb.c...
compiling stm32u5xx_hal_spi_ex.c...
compiling stm32u5xx_hal_rtc.c...
compiling efsm.c...
compiling efsm_hal.c...
compiling stm32u5xx_hal_rtc_ex.c...
compiling stm32u5xx_hal_ospi.c...
compiling stm32u5xx_hal_uart_ex.c...
compiling stm32u5xx_hal_spi.c...
compiling inv_mpu_dmp_motion_driver.c...
compiling AppPagePresenter.cpp...
compiling max30102.c...
compiling stm32u5xx_hal_tim_ex.c...
compiling AppPageView.cpp...
compiling DialPagePresenter.cpp...
compiling inv_mpu.c...
compiling algorithm.c...
compiling Model.cpp...
compiling DialPageView.cpp...
compiling ApplicationFontProvider.cpp...
compiling FrontendApplication.cpp...
compiling stm32u5xx_hal_uart.c...
compiling BitmapDatabase.cpp...
compiling MenuElement.cpp...
compiling stm32u5xx_hal_tim.c...
compiling CachedFont.cpp...
compiling AppPageViewBase.cpp...
compiling Font_NotoSansSC_VF_16_4bpp_0.cpp...
compiling Font_NotoSansSC_VF_20_4bpp_10.cpp...
compiling Font_NotoSansSC_VF_20_4bpp_11.cpp...
compiling Font_NotoSansSC_VF_20_4bpp_12.cpp...
compiling Font_NotoSansSC_VF_20_4bpp_0.cpp...
compiling Font_NotoSansSC_VF_20_4bpp_9.cpp...
compiling Font_NotoSansSC_VF_26_4bpp_0.cpp...
compiling Font_NotoSansSC_VF_26_4bpp_10.cpp...
compiling Font_NotoSansSC_VF_26_4bpp_11.cpp...
compiling Font_NotoSansSC_VF_26_4bpp_12.cpp...
compiling Font_NotoSansSC_VF_26_4bpp_13.cpp...
compiling Font_NotoSansSC_VF_26_4bpp_14.cpp...
compiling Font_NotoSansSC_VF_26_4bpp_16.cpp...
compiling DialPageViewBase.cpp...
compiling Font_timesbi_13_4bpp_0.cpp...
compiling Font_NotoSansSC_VF_26_4bpp_17.cpp...
compiling Font_NotoSansSC_VF_26_4bpp_18.cpp...
compiling Font_NotoSansSC_VF_26_4bpp_9.cpp...
compiling Font_timesbi_20_4bpp_0.cpp...
compiling Font_timesbi_40_4bpp_0.cpp...
compiling GeneratedFont.cpp...
compiling image_alternate_theme_images_widgets_slider_horizontal_thin_rounded_dark.cpp...
compiling image_Alipay-60x60.cpp...
compiling image_Alipay_pressed-60x60.cpp...
compiling image_alternate_theme_images_widgets_slider_vertical_thick_filler_small.cpp...
compiling image_alternate_theme_images_widgets_swipecontainer_medium_off_normal.cpp...
compiling image_alternate_theme_images_widgets_swipecontainer_medium_on_active.cpp...
compiling image_ApplicationPage_image_Battery.cpp...
compiling image_ApplicationPage_image_6050.cpp...
compiling image_ApplicationPage_image_Buzzer.cpp...
compiling FontCache.cpp...
compiling FrontendApplicationBase.cpp...
compiling image_ApplicationPage_image_ChipInfo.cpp...
compiling image_ApplicationPage_image_Health.cpp...
compiling image_ApplicationPage_image_Motor.cpp...
compiling image_ApplicationPage_image_pressed_6050.cpp...
compiling image_ApplicationPage_image_pressed_Battery.cpp...
compiling image_ApplicationPage_image_pressed_Buzzer.cpp...
compiling image_ApplicationPage_image_pressed_Chip.cpp...
compiling image_ApplicationPage_image_pressed_Health.cpp...
compiling image_ApplicationPage_image_pressed_Motor.cpp...
compiling image_ApplicationPage_image_pressed_Temp.cpp...
compiling image_ApplicationPage_image_pressed_wifi.cpp...
compiling image_ApplicationPage_image_wifi.cpp...
compiling image_ApplicationPage_image_Temp.cpp...
compiling image_backlight_off-50x50.cpp...
compiling image_backlight_on-50x50.cpp...
compiling image_beep_50x50.cpp...
compiling image_beep_pressed_50x50.cpp...
compiling image_Breathe-60x60.cpp...
compiling image_Breathe_pressed-60x60.cpp...
compiling image_Count-60x60.cpp...
compiling image_Count_pressed-60x60.cpp...
compiling image_dc_fan_50x50.cpp...
compiling image_dc_fan__pressed_50x50.cpp...
compiling image_humidity_22x28.cpp...
compiling image_HeartRate_start_51x47.cpp...
compiling image_light_29x29.cpp...
compiling image_lpbam_on-50x50.cpp...
compiling image_lpbam_off-50x50.cpp...
compiling image_message_50x50.cpp...
compiling image_message_no-50x50.cpp...
compiling image_mute_off-50x50.cpp...
compiling image_mute_on-50x50.cpp...
compiling image_temperature_15x32.cpp...
compiling image_Stress_pressed-60x60.cpp...
compiling image_Stress-60x60.cpp...
compiling image_vibrate_50x50.cpp...
compiling image_vibrate_pressed_50x50.cpp...
compiling image_watchhand_hour.cpp...
compiling image_stm32u5_tb.cpp...
compiling image_watchhand_minute.cpp...
compiling image_watchhand_second.cpp...
compiling image_water_off-50x50.cpp...
compiling image_Chip.cpp...
compiling image_water_on-50x50.cpp...
compiling image_wifi_rssi_1_signal.cpp...
compiling image_wifi_rssi_2_signal.cpp...
compiling image_wifi_rssi_3_signal.cpp...
compiling image_wifi_rssi_4_signal.cpp...
compiling image_wifi_rssi_no_signal.cpp...
compiling image_wifiLink-38x38.cpp...
compiling image_wifiLink-38x38_pressed.cpp...
compiling image_wifiLink_pressed-37x26.cpp...
compiling Kerning_NotoSansSC_VF_16_4bpp.cpp...
compiling Kerning_NotoSansSC_VF_20_4bpp.cpp...
compiling Kerning_NotoSansSC_VF_26_4bpp.cpp...
compiling Kerning_timesbi_13_4bpp.cpp...
compiling Kerning_timesbi_20_4bpp.cpp...
compiling Kerning_timesbi_40_4bpp.cpp...
compiling image_Tool.cpp...
compiling LanguageGb.cpp...
compiling SVGDatabase.cpp...
compiling image_watchface_analog.cpp...
compiling Table_NotoSansSC_VF_16_4bpp.cpp...
compiling image_watchface_digital_circle.cpp...
compiling Table_NotoSansSC_VF_26_4bpp.cpp...
compiling Table_NotoSansSC_VF_20_4bpp.cpp...
compiling Table_timesbi_13_4bpp.cpp...
compiling image_overlay-240x240.cpp...
compiling Table_timesbi_20_4bpp.cpp...
compiling Table_timesbi_40_4bpp.cpp...
compiling MenuElementBase.cpp...
compiling TypedTextDatabase.cpp...
compiling Texts.cpp...
compiling UnmappedDataFont.cpp...
linking...
Program Size: Code=177584 RO-data=1785248 RW-data=153744 ZI-data=18920  
FromELF: creating hex file...
"rev1\rev1.axf" - 0 Error(s), 1 Warning(s).

<h2>Software Packages used:</h2>

Package Vendor: ARM
                http://www.keil.com/pack/ARM.CMSIS.5.8.0.pack
                ARM.CMSIS.5.8.0
                CMSIS (Common Microcontroller Software Interface Standard)
   * Component: CORE Version: 5.5.0

Package Vendor: Keil
                https://www.keil.com/pack/Keil.STM32U5xx_DFP.2.1.0.pack
                Keil.STM32U5xx_DFP.2.1.0
                STMicroelectronics STM32U5 Series Device Support

<h2>Collection of Component include folders:</h2>
  .\RTE\_rev1
  E:\MDK_ARM\Pack\ARM\CMSIS\5.8.0\CMSIS\Core\Include
  E:\MDK_ARM\Pack\Keil\STM32U5xx_DFP\2.1.0\Drivers\CMSIS\Device\ST\STM32U5xx\Include

<h2>Collection of Component Files used:</h2>

   * Component: ARM::CMSIS:CORE:5.5.0
      Include file:  CMSIS\Core\Include\tz_context.h
Build Time Elapsed:  00:00:13
</pre>
</body>
</html>
